// Jest Snapshot v1, https://goo.gl/fbAQLP

exports[`<LinkCard /> renders correctly 1`] = `ShallowWrapper {}`;
