// Jest Snapshot v1, https://goo.gl/fbAQLP

exports[`<OtherProfessors /> renders correctly 1`] = `ShallowWrapper {}`;
