// Jest Snapshot v1, https://goo.gl/fbAQLP

exports[`<Subject /> renders correctly 1`] = `ShallowWrapper {}`;
