// Jest Snapshot v1, https://goo.gl/fbAQLP

exports[`<Timetable /> renders correctly 1`] = `undefined`;
