// Jest Snapshot v1, https://goo.gl/fbAQLP

exports[`<Professor /> renders correctly 1`] = `ShallowWrapper {}`;
