// Jest Snapshot v1, https://goo.gl/fbAQLP

exports[`<Selector /> renders correctly 1`] = `ShallowWrapper {}`;
