// Jest Snapshot v1, https://goo.gl/fbAQLP

exports[`<Error /> renders correctly 1`] = `ShallowWrapper {}`;
